Hello from the agent system